Archive member included because of file (symbol)

C:/Program Files (x86)/Rowley Associates Limited/CrossWorks for ARM 2.3/lib/libc_v4t_a_le.a(libc_asm.o)
                              ARM RAM Release/ctl_at91sam7.o (__udivsi3)
C:/Program Files (x86)/Rowley Associates Limited/CrossWorks for ARM 2.3/lib/libc_v4t_a_le.a(__vfprintf_int.o)
                              (__vfprintf_int)
C:/Program Files (x86)/Rowley Associates Limited/CrossWorks for ARM 2.3/lib/libc_v4t_a_le.a(__vfscanf_int.o)
                              (__vfscanf_int)
C:/Program Files (x86)/Rowley Associates Limited/CrossWorks for ARM 2.3/lib/libc_v4t_a_le.a(libc2.o)
                              C:/Program Files (x86)/Rowley Associates Limited/CrossWorks for ARM 2.3/lib/libc_v4t_a_le.a(__vfscanf_int.o) (__getc)
C:/Program Files (x86)/Rowley Associates Limited/CrossWorks for ARM 2.3/lib/libc_v4t_a_le.a(libc2_asm.o)
                              C:/Program Files (x86)/Rowley Associates Limited/CrossWorks for ARM 2.3/lib/libc_v4t_a_le.a(libc2.o) (memcpy)
C:/Program Files (x86)/Rowley Associates Limited/CrossWorks for ARM 2.3/lib/libdebugio_v4t_a_le.a(libdebugio.o)
                              (__do_debug_operation_dcc)
C:/Program Files (x86)/Rowley Associates Limited/CrossWorks for ARM 2.3/lib/libc_user_libc_v4t_a_le.a(user_libc.o)
                              C:/Program Files (x86)/Rowley Associates Limited/CrossWorks for ARM 2.3/lib/libc_v4t_a_le.a(libc2.o) (__errno)
C:/Program Files (x86)/Rowley Associates Limited/CrossWorks for ARM 2.3/lib/libarm_v4t_a_le.a(libarm.o)
                              C:/Program Files (x86)/Rowley Associates Limited/CrossWorks for ARM 2.3/lib/libdebugio_v4t_a_le.a(libdebugio.o) (libarm_dcc_write)
C:/Program Files (x86)/Rowley Associates Limited/CrossWorks for ARM 2.3/lib/libarm_v4t_a_le.a(libarm_run_dcc_port_server.o)
                              C:/Program Files (x86)/Rowley Associates Limited/CrossWorks for ARM 2.3/lib/libdebugio_v4t_a_le.a(libdebugio.o) (libarm_run_dcc_port_server)
C:/Program Files (x86)/Rowley Associates Limited/CrossWorks for ARM 2.3/lib/libm_v4t_a_le.a(libm_asm.o)
                              C:/Program Files (x86)/Rowley Associates Limited/CrossWorks for ARM 2.3/lib/libc_v4t_a_le.a(libc2.o) (__floatsisf)

Discarded input sections

 .text          0x00000000        0x0 ARM RAM Release/crt0.o
 .data          0x00000000        0x0 ARM RAM Release/crt0.o
 .bss           0x00000000        0x0 ARM RAM Release/crt0.o
 .stack         0x00000000        0x0 ARM RAM Release/crt0.o
 .stack_abt     0x00000000        0x0 ARM RAM Release/crt0.o
 .stack_irq     0x00000000        0x0 ARM RAM Release/crt0.o
 .stack_fiq     0x00000000        0x0 ARM RAM Release/crt0.o
 .stack_svc     0x00000000        0x0 ARM RAM Release/crt0.o
 .stack_und     0x00000000        0x0 ARM RAM Release/crt0.o
 .heap          0x00000000        0x0 ARM RAM Release/crt0.o
 .text          0x00000000        0x0 ARM RAM Release/AT91SAM7_Startup.o
 .data          0x00000000        0x0 ARM RAM Release/AT91SAM7_Startup.o
 .bss           0x00000000        0x0 ARM RAM Release/AT91SAM7_Startup.o
 .text          0x00000000        0x0 ARM RAM Release/AIC.o
 .data          0x00000000        0x0 ARM RAM Release/AIC.o
 .bss           0x00000000        0x0 ARM RAM Release/AIC.o
 .text.forcedFIQHandler
                0x00000000       0x5c ARM RAM Release/AIC.o
 .text.ctl_set_isr
                0x00000000       0xd8 ARM RAM Release/AIC.o
 .text.ctl_unmask_isr
                0x00000000       0x18 ARM RAM Release/AIC.o
 .text.ctl_mask_isr
                0x00000000       0x18 ARM RAM Release/AIC.o
 .data          0x00000000        0x0 ARM RAM Release/AIC_irq_handler.o
 .bss           0x00000000        0x0 ARM RAM Release/AIC_irq_handler.o
 .text          0x00000000        0x0 ARM RAM Release/ctl_at91sam7.o
 .data          0x00000000        0x0 ARM RAM Release/ctl_at91sam7.o
 .bss           0x00000000        0x0 ARM RAM Release/ctl_at91sam7.o
 .text.syscISR  0x00000000       0x38 ARM RAM Release/ctl_at91sam7.o
 .text.ctl_at91sam7_get_mck_frequency
                0x00000000       0x78 ARM RAM Release/ctl_at91sam7.o
 .text.ctl_get_ticks_per_second
                0x00000000        0x8 ARM RAM Release/ctl_at91sam7.o
 .text.ctl_start_timer
                0x00000000       0x84 ARM RAM Release/ctl_at91sam7.o
 .bss.userTimerISR
                0x00000000        0x4 ARM RAM Release/ctl_at91sam7.o
 .text          0x00000000        0x0 ARM RAM Release/main_GE12.o
 .data          0x00000000        0x0 ARM RAM Release/main_GE12.o
 .bss           0x00000000        0x0 ARM RAM Release/main_GE12.o
 .text          0x00000000        0x0 ARM RAM Release/pcf8833u8_lcd.o
 .data          0x00000000        0x0 ARM RAM Release/pcf8833u8_lcd.o
 .bss           0x00000000        0x0 ARM RAM Release/pcf8833u8_lcd.o
 .text.Backlight
[...]
Memory Configuration

Name             Origin             Length             Attributes
UNPLACED_SECTIONS 0xffffffff         0x00000000         xw
User_Peripherals 0xf0000000         0x0fff0000         xw
System_Controller 0xfffff000         0x00001000         xw
SRAM             0x00200000         0x00010000         xw
FLASH            0x00100000         0x00040000         xr
*default*        0x00000000         0xffffffff

Linker script and memory map

                0x00201b90                __do_debug_operation = __do_debug_operation_dcc
                0x002008a8                __vfprintf = __vfprintf_int
                0x0020138c                __vfscanf = __vfscanf_int
                0xf0000000                __User_Peripherals_segment_start__ = 0xf0000000
                0xffff0000                __User_Peripherals_segment_end__ = 0xffff0000
                0xfffff000                __System_Controller_segment_start__ = 0xfffff000
                0x00000000                __System_Controller_segment_end__ = 0x0
                0x00200000                __SRAM_segment_start__ = 0x200000
                0x00210000                __SRAM_segment_end__ = 0x210000
                0x00100000                __FLASH_segment_start__ = 0x100000
                0x00140000                __FLASH_segment_end__ = 0x140000
                0x00000400                __STACKSIZE__ = 0x400
                0x00000100                __STACKSIZE_IRQ__ = 0x100
                0x00000100                __STACKSIZE_FIQ__ = 0x100
                0x00000000                __STACKSIZE_SVC__ = 0x0
                0x00000000                __STACKSIZE_ABT__ = 0x0
                0x00000000                __STACKSIZE_UND__ = 0x0
                0x00000400                __HEAPSIZE__ = 0x400
                0x00200000                __vectors_load_start__ = __SRAM_segment_start__

.vectors        0x00200000       0x3c
                0x00200000                __vectors_start__ = .
 *(.vectors .vectors.*)
 .vectors       0x00200000       0x3c ARM RAM Release/AT91SAM7_Startup.o
                0x00200000                _vectors
                0x0020003c                __vectors_end__ = (__vectors_start__ + SIZEOF (.vectors))
                0x0020003c                __vectors_load_end__ = __vectors_end__
                0x00000001                . = ASSERT (((__vectors_end__ >= __SRAM_segment_start__) && (__vectors_end__ <= __SRAM_segment_end__)), error: .vectors is too large to fit in SRAM memory segment)
                0x0020003c                __fast_load_start__ = ALIGN (__vectors_end__, 0x4)

.fast           0x0020003c        0x0
                0x0020003c                __fast_start__ = .
 *(.fast .fast.*)
                0x0020003c                __fast_end__ = (__fast_start__ + SIZEOF (.fast))
                0x0020003c                __fast_load_end__ = __fast_end__
                0x00000001                . = ASSERT (((__fast_end__ >= __SRAM_segment_start__) && (__fast_end__ <= __SRAM_segment_end__)), error: .fast is too large to fit in SRAM memory segment)
                0x0020003c                __init_load_start__ = ALIGN (__fast_end__, 0x4)

.init           0x0020003c      0x2b4
                0x0020003c                __init_start__ = .
 *(.init .init.*)
 *fill*         0x0020003c        0x4 00
 .init          0x00200040      0x1f0 ARM RAM Release/crt0.o
                0x00200040                __start
                0x00200040                _start
                0x00200158                exit
                0x002001b4                __getchar
                0x002001b4                __putchar
 .init          0x00200230       0xc0 ARM RAM Release/AT91SAM7_Startup.o
                0x00200230                reset_handler
                0x002002b8                undef_handler
                0x002002bc                swi_handler
                0x002002c0                pabort_handler
                0x002002c4                dabort_handler
                0x002002f0                __init_end__ = (__init_start__ + SIZEOF (.init))
                0x002002f0                __init_load_end__ = __init_end__
                0x00000001                . = ASSERT (((__init_end__ >= __SRAM_segment_start__) && (__init_end__ <= __SRAM_segment_end__)), error: .init is too large to fit in SRAM memory segment)
                0x002002f0                __text_load_start__ = ALIGN (__init_end__, 0x4)

.text           0x002002f0     0x1b58
                0x002002f0                __text_start__ = .
 *(.text .text.* .glue_7t .glue_7 .gnu.linkonce.t.* .gcc_except_table .ARM.extab* .gnu.linkonce.armextab.*)
 .glue_7        0x00000000        0x0 linker stubs
 .glue_7t       0x00000000        0x0 linker stubs
 .text          0x002002f0       0x60 ARM RAM Release/AIC_irq_handler.o
                0x002002f0                irq_handler
                0x00200330                fiq_handler
 .text.main     0x00200350       0x88 ARM RAM Release/main_GE12.o
                0x00200350                main
 .text.Delaya   0x002003d8        0xc ARM RAM Release/pcf8833u8_lcd.o
                0x002003d8                Delaya
 .text.Delay_   0x002003e4       0x24 ARM RAM Release/pcf8833u8_lcd.o
                0x002003e4                Delay_
 .text.WriteSpiCommand
                0x00200408       0x20 ARM RAM Release/pcf8833u8_lcd.o
                0x00200408                WriteSpiCommand
 .text.WriteSpiData
                0x00200428       0x20 ARM RAM Release/pcf8833u8_lcd.o
                0x00200428                WriteSpiData
 .text.SetContrast
                0x00200448       0x20 ARM RAM Release/pcf8833u8_lcd.o
                0x00200448                SetContrast
 .text.LCDSettings
                0x00200468      0x130 ARM RAM Release/pcf8833u8_lcd.o
                0x00200468                LCDSettings
 .text.InitLCD  0x00200598       0x8c ARM RAM Release/pcf8833u8_lcd.o
                0x00200598                InitLCD
 .text.LCDWrite130x130bmp
                0x00200624       0x64 ARM RAM Release/pcf8833u8_lcd.o
                0x00200624                LCDWrite130x130bmp
 .text.LCDClearScreen
                0x00200688       0x70 ARM RAM Release/pcf8833u8_lcd.o
                0x00200688                LCDClearScreen
 .text.LCDPutChar
                0x002006f8      0x148 ARM RAM Release/pcf8833u8_lcd.o
                0x002006f8                LCDPutChar
 .text.LCDPutStr
                0x00200840       0x68 ARM RAM Release/pcf8833u8_lcd.o
                0x00200840                LCDPutStr
 .text.libc.__vfprintf_int
                0x002008a8      0x8d8 C:/Program Files (x86)/Rowley Associates Limited/CrossWorks for ARM 2.3/lib/libc_v4t_a_le.a(__vfprintf_int.o)
                0x002008a8                __vfprintf_int
 .text.libc.__ungetc
                0x00201180       0x40 C:/Program Files (x86)/Rowley Associates Limited/CrossWorks for ARM 2.3/lib/libc_v4t_a_le.a(__vfscanf_int.o)
 .text.libc.rd_int
                0x002011c0      0x1cc C:/Program Files (x86)/Rowley Associates Limited/CrossWorks for ARM 2.3/lib/libc_v4t_a_le.a(__vfscanf_int.o)
 .text.libc.__vfscanf_int
                0x0020138c      0x5a4 C:/Program Files (x86)/Rowley Associates Limited/CrossWorks for ARM 2.3/lib/libc_v4t_a_le.a(__vfscanf_int.o)
                0x0020138c                __vfscanf_int
 .text.libc.__getc
                0x00201930       0x4c C:/Program Files (x86)/Rowley Associates Limited/CrossWorks for ARM 2.3/lib/libc_v4t_a_le.a(libc2.o)
                0x00201930                __getc
 .text.libc.__putc
                0x0020197c       0x6c C:/Program Files (x86)/Rowley Associates Limited/CrossWorks for ARM 2.3/lib/libc_v4t_a_le.a(libc2.o)
                0x0020197c                __putc
 .text.libc.__print_padding
                0x002019e8       0x3c C:/Program Files (x86)/Rowley Associates Limited/CrossWorks for ARM 2.3/lib/libc_v4t_a_le.a(libc2.o)
                0x002019e8                __print_padding
 .text.libc.__pre_padding
                0x00201a24       0x28 C:/Program Files (x86)/Rowley Associates Limited/CrossWorks for ARM 2.3/lib/libc_v4t_a_le.a(libc2.o)
                0x00201a24                __pre_padding
 .text.libc.isupper
                0x00201a4c       0x14 C:/Program Files (x86)/Rowley Associates Limited/CrossWorks for ARM 2.3/lib/libc_v4t_a_le.a(libc2.o)
                0x00201a4c                isupper
 .text.libc.islower
                0x00201a60       0x14 C:/Program Files (x86)/Rowley Associates Limited/CrossWorks for ARM 2.3/lib/libc_v4t_a_le.a(libc2.o)
                0x00201a60                islower
 .text.libc.isdigit
                0x00201a74       0x14 C:/Program Files (x86)/Rowley Associates Limited/CrossWorks for ARM 2.3/lib/libc_v4t_a_le.a(libc2.o)
                0x00201a74                isdigit
 .text.libc.__digit
                0x00201a88       0x54 C:/Program Files (x86)/Rowley Associates Limited/CrossWorks for ARM 2.3/lib/libc_v4t_a_le.a(libc2.o)
                0x00201a88                __digit
 .text.libc.isspace
                0x00201adc       0x18 C:/Program Files (x86)/Rowley Associates Limited/CrossWorks for ARM 2.3/lib/libc_v4t_a_le.a(libc2.o)
                0x00201adc                isspace
 *fill*         0x00201af4        0xc 00
 .text.libc.strlen
                0x00201b00       0x90 C:/Program Files (x86)/Rowley Associates Limited/CrossWorks for ARM 2.3/lib/libc_v4t_a_le.a(libc2_asm.o)
                0x00201b00                strlen
 .text.libdebugio.__do_debug_operation_dcc
                0x00201b90       0x40 C:/Program Files (x86)/Rowley Associates Limited/CrossWorks for ARM 2.3/lib/libdebugio_v4t_a_le.a(libdebugio.o)
                0x00201b90                __do_debug_operation_dcc
 .text.libc.__debug_io_lock
                0x00201bd0        0x4 C:/Program Files (x86)/Rowley Associates Limited/CrossWorks for ARM 2.3/lib/libc_user_libc_v4t_a_le.a(user_libc.o)
                0x00201bd0                __debug_io_lock
 .text.libc.__debug_io_unlock
                0x00201bd4        0x4 C:/Program Files (x86)/Rowley Associates Limited/CrossWorks for ARM 2.3/lib/libc_user_libc_v4t_a_le.a(user_libc.o)
                0x00201bd4                __debug_io_unlock
 *fill*         0x00201bd8        0x8 00
 .text.libdebugio_dcc.libarm_dcc_read
                0x00201be0       0x20 C:/Program Files (x86)/Rowley Associates Limited/CrossWorks for ARM 2.3/lib/libarm_v4t_a_le.a(libarm.o)
                0x00201be0                libarm_dcc_read
 .text.libdebugio_dcc.libarm_dcc_write
                0x00201c00       0x20 C:/Program Files (x86)/Rowley Associates Limited/CrossWorks for ARM 2.3/lib/libarm_v4t_a_le.a(libarm.o)
                0x00201c00                libarm_dcc_write
 .text.libarm.libarm_run_dcc_port_server
                0x00201c20      0x228 C:/Program Files (x86)/Rowley Associates Limited/CrossWorks for ARM 2.3/lib/libarm_v4t_a_le.a(libarm_run_dcc_port_server.o)
                0x00201c20                libarm_run_dcc_port_server
                0x00201e48                __text_end__ = (__text_start__ + SIZEOF (.text))
                0x00201e48                __text_load_end__ = __text_end__

.vfp11_veneer   0x00000000        0x0
 .vfp11_veneer  0x00000000        0x0 linker stubs

.v4_bx          0x00000000        0x0
 .v4_bx         0x00000000        0x0 linker stubs
                0x00000001                . = ASSERT (((__text_end__ >= __SRAM_segment_start__) && (__text_end__ <= __SRAM_segment_end__)), error: .text is too large to fit in SRAM memory segment)
                0x00201e48                __dtors_load_start__ = ALIGN (__text_end__, 0x4)

.dtors          0x00201e48        0x0
                0x00201e48                __dtors_start__ = .
 *(SORT(.dtors.*))
 *(.dtors)
 *(.fini_array .fini_array.*)
                0x00201e48                __dtors_end__ = (__dtors_start__ + SIZEOF (.dtors))
                0x00201e48                __dtors_load_end__ = __dtors_end__
                0x00000001                . = ASSERT (((__dtors_end__ >= __SRAM_segment_start__) && (__dtors_end__ <= __SRAM_segment_end__)), error: .dtors is too large to fit in SRAM memory segment)
                0x00201e48                __ctors_load_start__ = ALIGN (__dtors_end__, 0x4)

.ctors          0x00201e48        0x0
                0x00201e48                __ctors_start__ = .
 *(SORT(.ctors.*))
 *(.ctors)
 *(.init_array .init_array.*)
                0x00201e48                __ctors_end__ = (__ctors_start__ + SIZEOF (.ctors))
                0x00201e48                __ctors_load_end__ = __ctors_end__
                0x00000001                . = ASSERT (((__ctors_end__ >= __SRAM_segment_start__) && (__ctors_end__ <= __SRAM_segment_end__)), error: .ctors is too large to fit in SRAM memory segment)
                0x00201e48                __data_load_start__ = ALIGN (__ctors_end__, 0x4)

.data           0x00201e48        0x0
                0x00201e48                __data_start__ = .
 *(.data .data.* .gnu.linkonce.d.*)
                0x00201e48                __data_end__ = (__data_start__ + SIZEOF (.data))
                0x00201e48                __data_load_end__ = __data_end__
                0x00000001                . = ASSERT (((__data_end__ >= __SRAM_segment_start__) && (__data_end__ <= __SRAM_segment_end__)), error: .data is too large to fit in SRAM memory segment)
                0x00201e48                __rodata_load_start__ = ALIGN (__data_end__, 0x4)

.rodata         0x00201e48     0x6f74
                0x00201e48                __rodata_start__ = .
 *(.rodata .rodata.* .gnu.linkonce.r.*)
 .rodata.str1.4
                0x00201e48       0x18 ARM RAM Release/main_GE12.o
 .rodata.FONT8x16
                0x00201e60      0x610 ARM RAM Release/pcf8833u8_lcd.o
                0x00201e60                FONT8x16
 .rodata        0x00202470        0xc ARM RAM Release/pcf8833u8_lcd.o
 .rodata.FONT8x8
                0x0020247c      0x308 ARM RAM Release/pcf8833u8_lcd.o
                0x0020247c                FONT8x8
 .rodata.bmp    0x00202784     0x6308 ARM RAM Release/pcf8833u8_lcd.o
                0x00202784                bmp
 .rodata.FONT6x8
                0x00208a8c      0x308 ARM RAM Release/pcf8833u8_lcd.o
                0x00208a8c                FONT6x8
 .rodata.libc.str1.4
                0x00208d94        0x8 C:/Program Files (x86)/Rowley Associates Limited/CrossWorks for ARM 2.3/lib/libc_v4t_a_le.a(__vfprintf_int.o)
 .rodata.libc.__hex_lc
                0x00208d9c       0x10 C:/Program Files (x86)/Rowley Associates Limited/CrossWorks for ARM 2.3/lib/libc_v4t_a_le.a(libc2.o)
                0x00208d9c                __hex_lc
 .rodata.libc.__hex_uc
                0x00208dac       0x10 C:/Program Files (x86)/Rowley Associates Limited/CrossWorks for ARM 2.3/lib/libc_v4t_a_le.a(libc2.o)
                0x00208dac                __hex_uc
                0x00208dbc                __rodata_end__ = (__rodata_start__ + SIZEOF (.rodata))
                0x00208dbc                __rodata_load_end__ = __rodata_end__
                0x00000001                . = ASSERT (((__rodata_end__ >= __SRAM_segment_start__) && (__rodata_end__ <= __SRAM_segment_end__)), error: .rodata is too large to fit in SRAM memory segment)
                0x00208dbc                __ARM.exidx_load_start__ = ALIGN (__rodata_end__, 0x4)

.ARM.exidx      0x00208dbc        0x0
                0x00208dbc                __ARM.exidx_start__ = .
                0x00208dbc                __exidx_start = __ARM.exidx_start__
 *(.ARM.exidx .ARM.exidx.*)
                0x00208dbc                __ARM.exidx_end__ = (__ARM.exidx_start__ + SIZEOF (.ARM.exidx))
                0x00208dbc                __exidx_end = __ARM.exidx_end__
                0x00208dbc                __ARM.exidx_load_end__ = __ARM.exidx_end__
                0x00000001                . = ASSERT (((__ARM.exidx_end__ >= __SRAM_segment_start__) && (__ARM.exidx_end__ <= __SRAM_segment_end__)), error: .ARM.exidx is too large to fit in SRAM memory segment)
                0x00208dbc                __bss_load_start__ = ALIGN (__ARM.exidx_end__, 0x4)

.bss            0x00208dbc        0xc
                0x00208dbc                __bss_start__ = .
 *(.bss .bss.* .gnu.linkonce.b.*)
 .bss.i         0x00208dbc        0x4 ARM RAM Release/pcf8833u8_lcd.o
                0x00208dbc                i
 .bss.j         0x00208dc0        0x4 ARM RAM Release/pcf8833u8_lcd.o
                0x00208dc0                j
 .bss.libc.__format_extender
                0x00208dc4        0x4 C:/Program Files (x86)/Rowley Associates Limited/CrossWorks for ARM 2.3/lib/libc_v4t_a_le.a(libc2.o)
                0x00208dc4                __format_extender
 *(COMMON)
                0x00208dc8                __bss_end__ = (__bss_start__ + SIZEOF (.bss))
                0x00208dc8                __bss_load_end__ = __bss_end__
                0x00000001                . = ASSERT (((__bss_end__ >= __SRAM_segment_start__) && (__bss_end__ <= __SRAM_segment_end__)), error: .bss is too large to fit in SRAM memory segment)
                0x00208dc8                __non_init_load_start__ = ALIGN (__bss_end__, 0x4)

.non_init       0x00208dc8        0x0
                0x00208dc8                __non_init_start__ = .
 *(.non_init .non_init.*)
                0x00208dc8                __non_init_end__ = (__non_init_start__ + SIZEOF (.non_init))
                0x00208dc8                __non_init_load_end__ = __non_init_end__
                0x00000001                . = ASSERT (((__non_init_end__ >= __SRAM_segment_start__) && (__non_init_end__ <= __SRAM_segment_end__)), error: .non_init is too large to fit in SRAM memory segment)
                0x00208dc8                __heap_load_start__ = ALIGN (__non_init_end__, 0x4)

.heap           0x00208dc8      0x400
                0x00208dc8                __heap_start__ = .
 *(.heap .heap.*)
                0x002091c8                . = ALIGN (MAX ((__heap_start__ + __HEAPSIZE__), .), 0x4)
 *fill*         0x00208dc8      0x400 00
                0x002091c8                __heap_end__ = (__heap_start__ + SIZEOF (.heap))
                0x002091c8                __heap_load_end__ = __heap_end__
                0x00000001                . = ASSERT (((__heap_end__ >= __SRAM_segment_start__) && (__heap_end__ <= __SRAM_segment_end__)), error: .heap is too large to fit in SRAM memory segment)
                0x002091c8                __stack_load_start__ = ALIGN (__heap_end__, 0x4)

.stack          0x002091c8      0x400
                0x002091c8                __stack_start__ = .
 *(.stack .stack.*)
                0x002095c8                . = ALIGN (MAX ((__stack_start__ + __STACKSIZE__), .), 0x4)
 *fill*         0x002091c8      0x400 00
                0x002095c8                __stack_end__ = (__stack_start__ + SIZEOF (.stack))
                0x002095c8                __stack_load_end__ = __stack_end__
                0x00000001                . = ASSERT (((__stack_end__ >= __SRAM_segment_start__) && (__stack_end__ <= __SRAM_segment_end__)), error: .stack is too large to fit in SRAM memory segment)
                0x002095c8                __stack_irq_load_start__ = ALIGN (__stack_end__, 0x4)

.stack_irq      0x002095c8      0x100
                0x002095c8                __stack_irq_start__ = .
 *(.stack_irq .stack_irq.*)
                0x002096c8                . = ALIGN (MAX ((__stack_irq_start__ + __STACKSIZE_IRQ__), .), 0x4)
 *fill*         0x002095c8      0x100 00
                0x002096c8                __stack_irq_end__ = (__stack_irq_start__ + SIZEOF (.stack_irq))
                0x002096c8                __stack_irq_load_end__ = __stack_irq_end__
                0x00000001                . = ASSERT (((__stack_irq_end__ >= __SRAM_segment_start__) && (__stack_irq_end__ <= __SRAM_segment_end__)), error: .stack_irq is too large to fit in SRAM memory segment)
                0x002096c8                __stack_fiq_load_start__ = ALIGN (__stack_irq_end__, 0x4)

.stack_fiq      0x002096c8      0x100
                0x002096c8                __stack_fiq_start__ = .
 *(.stack_fiq .stack_fiq.*)
                0x002097c8                . = ALIGN (MAX ((__stack_fiq_start__ + __STACKSIZE_FIQ__), .), 0x4)
 *fill*         0x002096c8      0x100 00
                0x002097c8                __stack_fiq_end__ = (__stack_fiq_start__ + SIZEOF (.stack_fiq))
                0x002097c8                __stack_fiq_load_end__ = __stack_fiq_end__
                0x00000001                . = ASSERT (((__stack_fiq_end__ >= __SRAM_segment_start__) && (__stack_fiq_end__ <= __SRAM_segment_end__)), error: .stack_fiq is too large to fit in SRAM memory segment)
                0x002097c8                __stack_svc_load_start__ = ALIGN (__stack_fiq_end__, 0x4)

.stack_svc      0x002097c8        0x0
                0x002097c8                __stack_svc_start__ = .
 *(.stack_svc .stack_svc.*)
                0x002097c8                . = ALIGN (MAX ((__stack_svc_start__ + __STACKSIZE_SVC__), .), 0x4)
                0x002097c8                __stack_svc_end__ = (__stack_svc_start__ + SIZEOF (.stack_svc))
                0x002097c8                __stack_svc_load_end__ = __stack_svc_end__
                0x00000001                . = ASSERT (((__stack_svc_end__ >= __SRAM_segment_start__) && (__stack_svc_end__ <= __SRAM_segment_end__)), error: .stack_svc is too large to fit in SRAM memory segment)
                0x002097c8                __stack_abt_load_start__ = ALIGN (__stack_svc_end__, 0x4)

.stack_abt      0x002097c8        0x0
                0x002097c8                __stack_abt_start__ = .
 *(.stack_abt .stack_abt.*)
                0x002097c8                . = ALIGN (MAX ((__stack_abt_start__ + __STACKSIZE_ABT__), .), 0x4)
                0x002097c8                __stack_abt_end__ = (__stack_abt_start__ + SIZEOF (.stack_abt))
                0x002097c8                __stack_abt_load_end__ = __stack_abt_end__
                0x00000001                . = ASSERT (((__stack_abt_end__ >= __SRAM_segment_start__) && (__stack_abt_end__ <= __SRAM_segment_end__)), error: .stack_abt is too large to fit in SRAM memory segment)
                0x002097c8                __stack_und_load_start__ = ALIGN (__stack_abt_end__, 0x4)

.stack_und      0x002097c8        0x0
                0x002097c8                __stack_und_start__ = .
 *(.stack_und .stack_und.*)
                0x002097c8                . = ALIGN (MAX ((__stack_und_start__ + __STACKSIZE_UND__), .), 0x4)
                0x002097c8                __stack_und_end__ = (__stack_und_start__ + SIZEOF (.stack_und))
                0x002097c8                __stack_und_load_end__ = __stack_und_end__
                0x00000001                . = ASSERT (((__stack_und_end__ >= __SRAM_segment_start__) && (__stack_und_end__ <= __SRAM_segment_end__)), error: .stack_und is too large to fit in SRAM memory segment)
                0x002097c8                __tbss_load_start__ = ALIGN (__stack_und_end__, 0x4)

.tbss           0x002097c8        0x0
                0x002097c8                __tbss_start__ = .
 *(.tbss .tbss.*)
                0x002097c8                __tbss_end__ = (__tbss_start__ + SIZEOF (.tbss))
                0x002097c8                __tbss_load_end__ = __tbss_end__
                0x00000001                . = ASSERT (((__tbss_end__ >= __SRAM_segment_start__) && (__tbss_end__ <= __SRAM_segment_end__)), error: .tbss is too large to fit in SRAM memory segment)
                0x002097c8                __tdata_load_start__ = ALIGN (__tbss_end__, 0x4)

.tdata          0x002097c8        0x0
                0x002097c8                __tdata_start__ = .
 *(.tdata .tdata.*)
                0x002097c8                __tdata_end__ = (__tdata_start__ + SIZEOF (.tdata))
                0x002097c8                __tdata_load_end__ = __tdata_end__
                0x002097c8                __SRAM_segment_used_end__ = (ALIGN (__tbss_end__, 0x4) + SIZEOF (.tdata))
                0x00000001                . = ASSERT (((__tdata_end__ >= __SRAM_segment_start__) && (__tdata_end__ <= __SRAM_segment_end__)), error: .tdata is too large to fit in SRAM memory segment)
START GROUP
LOAD ARM RAM Release/crt0.o
LOAD ARM RAM Release/AT91SAM7_Startup.o
LOAD ARM RAM Release/AIC.o
LOAD ARM RAM Release/AIC_irq_handler.o
LOAD ARM RAM Release/ctl_at91sam7.o
LOAD ARM RAM Release/main_GE12.o
LOAD ARM RAM Release/pcf8833u8_lcd.o
LOAD C:/Program Files (x86)/Rowley Associates Limited/CrossWorks for ARM 2.3/lib/libarm_v4t_a_le.a
LOAD C:/Program Files (x86)/Rowley Associates Limited/CrossWorks for ARM 2.3/lib/libm_v4t_a_le.a
LOAD C:/Program Files (x86)/Rowley Associates Limited/CrossWorks for ARM 2.3/lib/libc_v4t_a_le.a
LOAD C:/Program Files (x86)/Rowley Associates Limited/CrossWorks for ARM 2.3/lib/libcpp_v4t_a_le.a
LOAD C:/Program Files (x86)/Rowley Associates Limited/CrossWorks for ARM 2.3/lib/libdebugio_v4t_a_le.a
LOAD C:/Program Files (x86)/Rowley Associates Limited/CrossWorks for ARM 2.3/lib/libc_targetio_impl_v4t_a_le.a
LOAD C:/Program Files (x86)/Rowley Associates Limited/CrossWorks for ARM 2.3/lib/libc_user_libc_v4t_a_le.a
END GROUP
OUTPUT(ARM RAM Release/GE12_project.elf elf32-littlearm)

.ARM.attributes
                0x00000000       0x10
 .ARM.attributes
                0x00000000       0x10 ARM RAM Release/crt0.o
 .ARM.attributes
                0x00000010       0x10 ARM RAM Release/AT91SAM7_Startup.o
 .ARM.attributes
                0x00000020       0x10 ARM RAM Release/AIC.o
 .ARM.attributes
                0x00000030       0x10 ARM RAM Release/AIC_irq_handler.o
 .ARM.attributes
                0x00000040       0x10 ARM RAM Release/ctl_at91sam7.o
 .ARM.attributes
                0x00000050       0x10 ARM RAM Release/main_GE12.o
 .ARM.attributes
                0x00000060       0x10 ARM RAM Release/pcf8833u8_lcd.o
 .ARM.attributes
                0x00000070       0x10 C:/Program Files (x86)/Rowley Associates Limited/CrossWorks for ARM 2.3/lib/libc_v4t_a_le.a(libc_asm.o)
 .ARM.attributes
                0x00000080       0x10 C:/Program Files (x86)/Rowley Associates Limited/CrossWorks for ARM 2.3/lib/libc_v4t_a_le.a(__vfprintf_int.o)
 .ARM.attributes
                0x00000090       0x10 C:/Program Files (x86)/Rowley Associates Limited/CrossWorks for ARM 2.3/lib/libc_v4t_a_le.a(__vfscanf_int.o)
 .ARM.attributes
                0x000000a0       0x10 C:/Program Files (x86)/Rowley Associates Limited/CrossWorks for ARM 2.3/lib/libc_v4t_a_le.a(libc2.o)
 .ARM.attributes
                0x000000b0       0x10 C:/Program Files (x86)/Rowley Associates Limited/CrossWorks for ARM 2.3/lib/libc_v4t_a_le.a(libc2_asm.o)
 .ARM.attributes
                0x000000c0       0x10 C:/Program Files (x86)/Rowley Associates Limited/CrossWorks for ARM 2.3/lib/libdebugio_v4t_a_le.a(libdebugio.o)
 .ARM.attributes
                0x000000d0       0x10 C:/Program Files (x86)/Rowley Associates Limited/CrossWorks for ARM 2.3/lib/libc_user_libc_v4t_a_le.a(user_libc.o)
 .ARM.attributes
                0x000000e0       0x10 C:/Program Files (x86)/Rowley Associates Limited/CrossWorks for ARM 2.3/lib/libarm_v4t_a_le.a(libarm.o)
 .ARM.attributes
                0x000000f0       0x10 C:/Program Files (x86)/Rowley Associates Limited/CrossWorks for ARM 2.3/lib/libarm_v4t_a_le.a(libarm_run_dcc_port_server.o)
 .ARM.attributes
                0x00000100       0x10 C:/Program Files (x86)/Rowley Associates Limited/CrossWorks for ARM 2.3/lib/libm_v4t_a_le.a(libm_asm.o)

.comment        0x00000000       0x4e
 .comment       0x00000000       0x4e ARM RAM Release/AIC.o
                                 0x4f (size before relaxing)
 .comment       0x00000000       0x4f ARM RAM Release/ctl_at91sam7.o
 .comment       0x00000000       0x4f ARM RAM Release/main_GE12.o
 .comment       0x00000000       0x4f ARM RAM Release/pcf8833u8_lcd.o
 .comment       0x00000000       0x4f C:/Program Files (x86)/Rowley Associates Limited/CrossWorks for ARM 2.3/lib/libc_v4t_a_le.a(__vfprintf_int.o)
 .comment       0x00000000       0x4f C:/Program Files (x86)/Rowley Associates Limited/CrossWorks for ARM 2.3/lib/libc_v4t_a_le.a(__vfscanf_int.o)
 .comment       0x00000000       0x4f C:/Program Files (x86)/Rowley Associates Limited/CrossWorks for ARM 2.3/lib/libc_v4t_a_le.a(libc2.o)
 .comment       0x00000000       0x4f C:/Program Files (x86)/Rowley Associates Limited/CrossWorks for ARM 2.3/lib/libdebugio_v4t_a_le.a(libdebugio.o)
 .comment       0x00000000       0x4f C:/Program Files (x86)/Rowley Associates Limited/CrossWorks for ARM 2.3/lib/libc_user_libc_v4t_a_le.a(user_libc.o)
 .comment       0x00000000       0x4f C:/Program Files (x86)/Rowley Associates Limited/CrossWorks for ARM 2.3/lib/libarm_v4t_a_le.a(libarm_run_dcc_port_server.o)

.debug_frame    0x00000000     0x2b38
 .debug_frame   0x00000000       0x74 ARM RAM Release/AIC.o
 .debug_frame   0x00000074       0x7c ARM RAM Release/ctl_at91sam7.o
 .debug_frame   0x000000f0       0x34 ARM RAM Release/main_GE12.o
 .debug_frame   0x00000124      0x228 ARM RAM Release/pcf8833u8_lcd.o
 .debug_frame   0x0000034c      0x260 C:/Program Files (x86)/Rowley Associates Limited/CrossWorks for ARM 2.3/lib/libc_v4t_a_le.a(libc_asm.o)
 .debug_frame   0x000005ac       0x40 C:/Program Files (x86)/Rowley Associates Limited/CrossWorks for ARM 2.3/lib/libc_v4t_a_le.a(__vfprintf_int.o)
 .debug_frame   0x000005ec       0x88 C:/Program Files (x86)/Rowley Associates Limited/CrossWorks for ARM 2.3/lib/libc_v4t_a_le.a(__vfscanf_int.o)
 .debug_frame   0x00000674     0x1238 C:/Program Files (x86)/Rowley Associates Limited/CrossWorks for ARM 2.3/lib/libc_v4t_a_le.a(libc2.o)
 .debug_frame   0x000018ac      0x120 C:/Program Files (x86)/Rowley Associates Limited/CrossWorks for ARM 2.3/lib/libc_v4t_a_le.a(libc2_asm.o)
 .debug_frame   0x000019cc      0x794 C:/Program Files (x86)/Rowley Associates Limited/CrossWorks for ARM 2.3/lib/libdebugio_v4t_a_le.a(libdebugio.o)
 .debug_frame   0x00002160       0xa0 C:/Program Files (x86)/Rowley Associates Limited/CrossWorks for ARM 2.3/lib/libc_user_libc_v4t_a_le.a(user_libc.o)
 .debug_frame   0x00002200      0x2c0 C:/Program Files (x86)/Rowley Associates Limited/CrossWorks for ARM 2.3/lib/libarm_v4t_a_le.a(libarm.o)
 .debug_frame   0x000024c0       0x38 C:/Program Files (x86)/Rowley Associates Limited/CrossWorks for ARM 2.3/lib/libarm_v4t_a_le.a(libarm_run_dcc_port_server.o)
 .debug_frame   0x000024f8      0x640 C:/Program Files (x86)/Rowley Associates Limited/CrossWorks for ARM 2.3/lib/libm_v4t_a_le.a(libm_asm.o)

.debug_info     0x00000000     0x15b9
 .debug_info    0x00000000       0x6f ARM RAM Release/AIC.o
 .debug_info    0x0000006f       0x70 ARM RAM Release/ctl_at91sam7.o
 .debug_info    0x000000df       0x36 ARM RAM Release/main_GE12.o
 .debug_info    0x00000115      0x178 ARM RAM Release/pcf8833u8_lcd.o
 .debug_info    0x0000028d       0x36 C:/Program Files (x86)/Rowley Associates Limited/CrossWorks for ARM 2.3/lib/libc_v4t_a_le.a(__vfprintf_int.o)
 .debug_info    0x000002c3       0x65 C:/Program Files (x86)/Rowley Associates Limited/CrossWorks for ARM 2.3/lib/libc_v4t_a_le.a(__vfscanf_int.o)
 .debug_info    0x00000328      0xc5b C:/Program Files (x86)/Rowley Associates Limited/CrossWorks for ARM 2.3/lib/libc_v4t_a_le.a(libc2.o)
 .debug_info    0x00000f83      0x533 C:/Program Files (x86)/Rowley Associates Limited/CrossWorks for ARM 2.3/lib/libdebugio_v4t_a_le.a(libdebugio.o)
 .debug_info    0x000014b6       0xcd C:/Program Files (x86)/Rowley Associates Limited/CrossWorks for ARM 2.3/lib/libc_user_libc_v4t_a_le.a(user_libc.o)
 .debug_info    0x00001583       0x36 C:/Program Files (x86)/Rowley Associates Limited/CrossWorks for ARM 2.3/lib/libarm_v4t_a_le.a(libarm_run_dcc_port_server.o)

.debug_abbrev   0x00000000      0x28c
 .debug_abbrev  0x00000000       0x49 ARM RAM Release/AIC.o
 .debug_abbrev  0x00000049       0x49 ARM RAM Release/ctl_at91sam7.o
 .debug_abbrev  0x00000092       0x25 ARM RAM Release/main_GE12.o
 .debug_abbrev  0x000000b7       0x4b ARM RAM Release/pcf8833u8_lcd.o
 .debug_abbrev  0x00000102       0x25 C:/Program Files (x86)/Rowley Associates Limited/CrossWorks for ARM 2.3/lib/libc_v4t_a_le.a(__vfprintf_int.o)
 .debug_abbrev  0x00000127       0x43 C:/Program Files (x86)/Rowley Associates Limited/CrossWorks for ARM 2.3/lib/libc_v4t_a_le.a(__vfscanf_int.o)
 .debug_abbrev  0x0000016a       0xa0 C:/Program Files (x86)/Rowley Associates Limited/CrossWorks for ARM 2.3/lib/libc_v4t_a_le.a(libc2.o)
 .debug_abbrev  0x0000020a       0x38 C:/Program Files (x86)/Rowley Associates Limited/CrossWorks for ARM 2.3/lib/libdebugio_v4t_a_le.a(libdebugio.o)
 .debug_abbrev  0x00000242       0x25 C:/Program Files (x86)/Rowley Associates Limited/CrossWorks for ARM 2.3/lib/libc_user_libc_v4t_a_le.a(user_libc.o)
 .debug_abbrev  0x00000267       0x25 C:/Program Files (x86)/Rowley Associates Limited/CrossWorks for ARM 2.3/lib/libarm_v4t_a_le.a(libarm_run_dcc_port_server.o)

.debug_loc      0x00000000     0x1ae5
 .debug_loc     0x00000000       0x40 ARM RAM Release/AIC.o
 .debug_loc     0x00000040       0x6c ARM RAM Release/ctl_at91sam7.o
 .debug_loc     0x000000ac       0x2c ARM RAM Release/main_GE12.o
 .debug_loc     0x000000d8      0x1dc ARM RAM Release/pcf8833u8_lcd.o
 .debug_loc     0x000002b4       0x2c C:/Program Files (x86)/Rowley Associates Limited/CrossWorks for ARM 2.3/lib/libc_v4t_a_le.a(__vfprintf_int.o)
 .debug_loc     0x000002e0       0x6c C:/Program Files (x86)/Rowley Associates Limited/CrossWorks for ARM 2.3/lib/libc_v4t_a_le.a(__vfscanf_int.o)
 .debug_loc     0x0000034c      0xf59 C:/Program Files (x86)/Rowley Associates Limited/CrossWorks for ARM 2.3/lib/libc_v4t_a_le.a(libc2.o)
 .debug_loc     0x000012a5      0x820 C:/Program Files (x86)/Rowley Associates Limited/CrossWorks for ARM 2.3/lib/libdebugio_v4t_a_le.a(libdebugio.o)
 .debug_loc     0x00001ac5       0x20 C:/Program Files (x86)/Rowley Associates Limited/CrossWorks for ARM 2.3/lib/libarm_v4t_a_le.a(libarm_run_dcc_port_server.o)

.debug_aranges  0x00000000      0x928
 .debug_aranges
                0x00000000       0x38 ARM RAM Release/AIC.o
 .debug_aranges
                0x00000038       0x38 ARM RAM Release/ctl_at91sam7.o
 .debug_aranges
                0x00000070       0x20 ARM RAM Release/main_GE12.o
 .debug_aranges
                0x00000090       0xa0 ARM RAM Release/pcf8833u8_lcd.o
 .debug_aranges
                0x00000130       0x20 C:/Program Files (x86)/Rowley Associates Limited/CrossWorks for ARM 2.3/lib/libc_v4t_a_le.a(__vfprintf_int.o)
 .debug_aranges
                0x00000150       0x30 C:/Program Files (x86)/Rowley Associates Limited/CrossWorks for ARM 2.3/lib/libc_v4t_a_le.a(__vfscanf_int.o)
 .debug_aranges
                0x00000180      0x508 C:/Program Files (x86)/Rowley Associates Limited/CrossWorks for ARM 2.3/lib/libc_v4t_a_le.a(libc2.o)
 .debug_aranges
                0x00000688      0x220 C:/Program Files (x86)/Rowley Associates Limited/CrossWorks for ARM 2.3/lib/libdebugio_v4t_a_le.a(libdebugio.o)
 .debug_aranges
                0x000008a8       0x60 C:/Program Files (x86)/Rowley Associates Limited/CrossWorks for ARM 2.3/lib/libc_user_libc_v4t_a_le.a(user_libc.o)
 .debug_aranges
                0x00000908       0x20 C:/Program Files (x86)/Rowley Associates Limited/CrossWorks for ARM 2.3/lib/libarm_v4t_a_le.a(libarm_run_dcc_port_server.o)

.debug_ranges   0x00000000      0x888
 .debug_ranges  0x00000000       0x28 ARM RAM Release/AIC.o
 .debug_ranges  0x00000028       0x28 ARM RAM Release/ctl_at91sam7.o
 .debug_ranges  0x00000050       0x10 ARM RAM Release/main_GE12.o
 .debug_ranges  0x00000060       0x90 ARM RAM Release/pcf8833u8_lcd.o
 .debug_ranges  0x000000f0       0x10 C:/Program Files (x86)/Rowley Associates Limited/CrossWorks for ARM 2.3/lib/libc_v4t_a_le.a(__vfprintf_int.o)
 .debug_ranges  0x00000100       0x20 C:/Program Files (x86)/Rowley Associates Limited/CrossWorks for ARM 2.3/lib/libc_v4t_a_le.a(__vfscanf_int.o)
 .debug_ranges  0x00000120      0x4f8 C:/Program Files (x86)/Rowley Associates Limited/CrossWorks for ARM 2.3/lib/libc_v4t_a_le.a(libc2.o)
 .debug_ranges  0x00000618      0x210 C:/Program Files (x86)/Rowley Associates Limited/CrossWorks for ARM 2.3/lib/libdebugio_v4t_a_le.a(libdebugio.o)
 .debug_ranges  0x00000828       0x50 C:/Program Files (x86)/Rowley Associates Limited/CrossWorks for ARM 2.3/lib/libc_user_libc_v4t_a_le.a(user_libc.o)
 .debug_ranges  0x00000878       0x10 C:/Program Files (x86)/Rowley Associates Limited/CrossWorks for ARM 2.3/lib/libarm_v4t_a_le.a(libarm_run_dcc_port_server.o)

.debug_line     0x00000000      0xf92
 .debug_line    0x00000000       0xf2 ARM RAM Release/AIC.o
 .debug_line    0x000000f2       0xfb ARM RAM Release/ctl_at91sam7.o
 .debug_line    0x000001ed       0x50 ARM RAM Release/main_GE12.o
 .debug_line    0x0000023d       0x54 ARM RAM Release/pcf8833u8_lcd.o
 .debug_line    0x00000291       0x75 C:/Program Files (x86)/Rowley Associates Limited/CrossWorks for ARM 2.3/lib/libc_v4t_a_le.a(__vfprintf_int.o)
 .debug_line    0x00000306       0x74 C:/Program Files (x86)/Rowley Associates Limited/CrossWorks for ARM 2.3/lib/libc_v4t_a_le.a(__vfscanf_int.o)
 .debug_line    0x0000037a      0x5b3 C:/Program Files (x86)/Rowley Associates Limited/CrossWorks for ARM 2.3/lib/libc_v4t_a_le.a(libc2.o)
 .debug_line    0x0000092d      0x56a C:/Program Files (x86)/Rowley Associates Limited/CrossWorks for ARM 2.3/lib/libdebugio_v4t_a_le.a(libdebugio.o)
 .debug_line    0x00000e97       0x74 C:/Program Files (x86)/Rowley Associates Limited/CrossWorks for ARM 2.3/lib/libc_user_libc_v4t_a_le.a(user_libc.o)
 .debug_line    0x00000f0b       0x87 C:/Program Files (x86)/Rowley Associates Limited/CrossWorks for ARM 2.3/lib/libarm_v4t_a_le.a(libarm_run_dcc_port_server.o)

.debug_str      0x00000000      0xe70
 .debug_str     0x00000000       0xf7 ARM RAM Release/AIC.o
 .debug_str     0x000000f7       0xce ARM RAM Release/ctl_at91sam7.o
                                0x117 (size before relaxing)
 .debug_str     0x000001c5       0x35 ARM RAM Release/main_GE12.o
                                 0x7e (size before relaxing)
 .debug_str     0x000001fa       0xf7 ARM RAM Release/pcf8833u8_lcd.o
                                0x140 (size before relaxing)
 .debug_str     0x000002f1       0x64 C:/Program Files (x86)/Rowley Associates Limited/CrossWorks for ARM 2.3/lib/libc_v4t_a_le.a(__vfprintf_int.o)
                                 0xad (size before relaxing)
 .debug_str     0x00000355       0x7c C:/Program Files (x86)/Rowley Associates Limited/CrossWorks for ARM 2.3/lib/libc_v4t_a_le.a(__vfscanf_int.o)
                                 0xc5 (size before relaxing)
 .debug_str     0x000003d1      0x57f C:/Program Files (x86)/Rowley Associates Limited/CrossWorks for ARM 2.3/lib/libc_v4t_a_le.a(libc2.o)
                                0x655 (size before relaxing)
 .debug_str     0x00000950      0x3cc C:/Program Files (x86)/Rowley Associates Limited/CrossWorks for ARM 2.3/lib/libdebugio_v4t_a_le.a(libdebugio.o)
                                0x415 (size before relaxing)
 .debug_str     0x00000d1c       0xd2 C:/Program Files (x86)/Rowley Associates Limited/CrossWorks for ARM 2.3/lib/libc_user_libc_v4t_a_le.a(user_libc.o)
                                0x11b (size before relaxing)
 .debug_str     0x00000dee       0x82 C:/Program Files (x86)/Rowley Associates Limited/CrossWorks for ARM 2.3/lib/libarm_v4t_a_le.a(libarm_run_dcc_port_server.o)
                                 0xcb (size before relaxing)
